// Jest Snapshot v1, https://goo.gl/fbAQLP

exports[`matches snapshot 1`] = `
<DocumentFragment>
  <footer
    class="null footer mt-6 text-gray-700 border-t body-font"
  >
    <div
      class="bg-black"
    >
      <div
        class="container flex flex-col flex-wrap px-5 py-6 mx-auto lg:px-20 sm:flex-row"
      >
        <span
          class="inline-flex justify-center mt-2 sm:mt-0 sm:justify-start"
        >
          <a
            class="ml-4 text-white hover:text-cerise-500 transition ease-in-out duration-500"
            href="https://twitter.com/sansPanicDev"
          >
            <svg
              fill="currentColor"
              height="24"
              viewBox="0 0 256 256"
              width="24"
              xmlns="http://www.w3.org/2000/svg"
            >
              <rect
                fill="none"
                height="256"
                width="256"
              />
              <path
                d="M48,200s40-8,48-32c0,0-64-24-48-112,0,0,32,40,80,48V88.00288a40.00668,40.00668,0,0,1,76.67148-16.00327L240,72l-32,32c0,56-40,112-112,112C64,216,48,200,48,200Z"
                fill="none"
                stroke="currentColor"
                stroke-linecap="round"
                stroke-linejoin="round"
                stroke-width="16"
              />
            </svg>
          </a>
          <a
            class="ml-4 text-white hover:text-cerise-500 transition ease-in-out duration-500"
            href="https://github.com/sanspanic"
          >
            <svg
              fill="currentColor"
              height="24"
              viewBox="0 0 256 256"
              width="24"
              xmlns="http://www.w3.org/2000/svg"
            >
              <rect
                fill="none"
                height="256"
                width="256"
              />
              <path
                d="M84,232a24,24,0,0,0,24-24V160"
                fill="none"
                stroke="currentColor"
                stroke-linecap="round"
                stroke-linejoin="round"
                stroke-width="16"
              />
              <path
                d="M172,232a24,24,0,0,1-24-24V160"
                fill="none"
                stroke="currentColor"
                stroke-linecap="round"
                stroke-linejoin="round"
                stroke-width="16"
              />
              <path
                d="M152,160h16a24,24,0,0,1,24,24v8a24,24,0,0,0,24,24"
                fill="none"
                stroke="currentColor"
                stroke-linecap="round"
                stroke-linejoin="round"
                stroke-width="16"
              />
              <path
                d="M104,160H88a24,24,0,0,0-24,24v8a24,24,0,0,1-24,24"
                fill="none"
                stroke="currentColor"
                stroke-linecap="round"
                stroke-linejoin="round"
                stroke-width="16"
              />
              <path
                d="M64.51166,76.70377A51.90056,51.90056,0,0,1,68,32a51.9599,51.9599,0,0,1,43.82469,23.9988V56h32.35061V55.9988A51.9599,51.9599,0,0,1,188,32a51.90056,51.90056,0,0,1,3.48834,44.70377l0,0A47.77872,47.77872,0,0,1,200,104v8a48,48,0,0,1-48,48H104a48,48,0,0,1-48-48v-8a47.77872,47.77872,0,0,1,8.51163-27.29627Z"
                fill="none"
                stroke="currentColor"
                stroke-linecap="round"
                stroke-linejoin="round"
                stroke-width="16"
              />
            </svg>
          </a>
          <a
            class="ml-4 text-white hover:text-cerise-500 transition ease-in-out duration-500"
            href="https://dev.to/sanspanic"
          >
            <svg
              fill="currentColor"
              height="24"
              viewBox="0 0 256 256"
              width="24"
              xmlns="http://www.w3.org/2000/svg"
            >
              <rect
                fill="none"
                height="256"
                width="256"
              />
              <path
                d="M96,216H48a8,8,0,0,1-8-8V163.31371a8,8,0,0,1,2.34315-5.65686l120-120a8,8,0,0,1,11.3137,0l44.6863,44.6863a8,8,0,0,1,0,11.3137Z"
                fill="none"
                stroke="currentColor"
                stroke-linecap="round"
                stroke-linejoin="round"
                stroke-width="16"
              />
              <line
                fill="none"
                stroke="currentColor"
                stroke-linecap="round"
                stroke-linejoin="round"
                stroke-width="16"
                x1="136"
                x2="192"
                y1="64"
                y2="120"
              />
              <polyline
                fill="none"
                points="216 216 96 216 40.509 160.509"
                stroke="currentColor"
                stroke-linecap="round"
                stroke-linejoin="round"
                stroke-width="16"
              />
            </svg>
          </a>
          <a
            class="ml-4 text-white hover:text-cerise-500 transition ease-in-out duration-500"
            href="https://www.linkedin.com/in/sandra-spanikova-6738aa1b7/"
          >
            <svg
              fill="currentColor"
              height="24"
              viewBox="0 0 256 256"
              width="24"
              xmlns="http://www.w3.org/2000/svg"
            >
              <rect
                fill="none"
                height="256"
                width="256"
              />
              <rect
                fill="none"
                height="176"
                rx="8"
                stroke="currentColor"
                stroke-linecap="round"
                stroke-linejoin="round"
                stroke-width="16"
                width="176"
                x="40"
                y="40"
              />
              <line
                fill="none"
                stroke="currentColor"
                stroke-linecap="round"
                stroke-linejoin="round"
                stroke-width="16"
                x1="120"
                x2="120"
                y1="112.00094"
                y2="176.00094"
              />
              <line
                fill="none"
                stroke="currentColor"
                stroke-linecap="round"
                stroke-linejoin="round"
                stroke-width="16"
                x1="88"
                x2="88"
                y1="112.00094"
                y2="176.00094"
              />
              <path
                d="M120,140.00094a28,28,0,1,1,56,0v36"
                fill="none"
                stroke="currentColor"
                stroke-linecap="round"
                stroke-linejoin="round"
                stroke-width="16"
              />
              <circle
                cx="88"
                cy="79.99998"
                r="12"
              />
            </svg>
          </a>
        </span>
        <span
          class="font-mono text-center py-2 sm:ml-auto text-xs text-gradient-purple"
        >
          Made by sansPanic. I write code and I write about code.
        </span>
      </div>
    </div>
  </footer>
</DocumentFragment>
`;
