// Jest Snapshot v1, https://goo.gl/fbAQLP

exports[`matches snapshot 1`] = `
<DocumentFragment>
  <div
    class="bg-earth flex-grow flex place-items-center place-content-center"
  >
    <div
      class="flex font-display"
    >
      <div
        class="bg-white bg-opacity-50 rounded shadow-xl my-5 px-5 sm:px-20 py-10 "
      >
        <h1
          class="text-xl sm:text-4xl font-black mb-10"
        >
          LeaderboardÂ 
          <svg
            class="inline text-cerise-500"
            fill="currentColor"
            height="48"
            viewBox="0 0 256 256"
            width="48"
            xmlns="http://www.w3.org/2000/svg"
          >
            <rect
              fill="none"
              height="256"
              width="256"
            />
            <circle
              cx="128"
              cy="128"
              fill="none"
              r="88"
              stroke="currentColor"
              stroke-linecap="round"
              stroke-linejoin="round"
              stroke-width="16"
            />
            <path
              d="M184.17224,60.25854c27.75785-7.55343,48.54608-6.88109,54.679,3.74146C249.897,83.1317,209.22146,127.29479,148,162.641S28.19444,211.1317,17.14875,192c-6.13187-10.6207,3.67551-28.95548,24.08867-49.21359"
              fill="none"
              stroke="currentColor"
              stroke-linecap="round"
              stroke-linejoin="round"
              stroke-width="16"
            />
          </svg>
           
        </h1>
        <ul
          class="leaderboard"
        >
          <li
            class="flex justify-between border-b border-black italic px-3 text-sm sm:text-base"
          >
            <span>
              Username
            </span>
            <span>
              Score
            </span>
          </li>
          <svg
            class="mt-10 mx-auto"
            fill="darkorchid"
            height="60"
            viewBox="0 0 256 256"
            width="60"
            xmlns="http://www.w3.org/2000/svg"
          >
            <animate
              attributeName="opacity"
              dur="4s"
              repeatCount="indefinite"
              values="0;1;0"
            />
            <animatetransform
              attributeName="transform"
              attributeType="XML"
              dur="5s"
              from="0 0 0"
              repeatCount="indefinite"
              to="360 0 0"
              type="rotate"
            />
            <rect
              fill="none"
              height="256"
              width="256"
            />
            <path
              d="M130.24636,223.97423a96.01036,96.01036,0,0,0,83.92-53.60107l-.00178-.00094-54.28632-33.38846a7.99993,7.99993,0,0,0-3.12236-1.114l-22.81867-3.07595a8,8,0,0,0-8.37592,4.67178l-13.69878,30.73831a8,8,0,0,0,1.433,8.68736l18.79995,20.33464a8,8,0,0,1,1.98022,6.9502l-3.8294,19.79638Z"
              opacity="0.2"
            />
            <path
              d="M64.95216,55.60635,56.00794,76.75607a8,8,0,0,0-.12321,5.92293l11.49086,30.66819a8,8,0,0,0,5.81037,5.01448l5.423,1.16555,8.32721-19.76833a8,8,0,0,1,7.37259-4.89437h21.34538a8,8,0,0,0,3.86737-.9969l12.24176-6.76034a8.00033,8.00033,0,0,0,1.49868-1.06968l26.91087-24.33754a8,8,0,0,0,1.6191-9.83314l-9.33366-16.7184.00122-.00463A96.18805,96.18805,0,0,0,64.95081,55.60478Z"
              opacity="0.2"
            />
            <circle
              cx="128"
              cy="128"
              fill="none"
              r="96"
              stroke="darkorchid"
              stroke-linecap="round"
              stroke-linejoin="round"
              stroke-width="16"
            />
            <path
              d="M214.16458,170.37222l-54.28632-33.38846a7.99993,7.99993,0,0,0-3.12236-1.114l-22.81867-3.07595a8,8,0,0,0-8.37592,4.67178l-13.69878,30.73831a8,8,0,0,0,1.433,8.68736l18.79995,20.33464a8,8,0,0,1,1.98022,6.9502l-3.8294,19.79638"
              fill="none"
              stroke="darkorchid"
              stroke-linecap="round"
              stroke-linejoin="round"
              stroke-width="16"
            />
            <path
              d="M64.95216,55.60635,56.00794,76.75607a8,8,0,0,0-.12321,5.92293l11.49086,30.66819a8,8,0,0,0,5.81037,5.01448l21.42993,4.60592a8,8,0,0,1,5.5197,4.3358l3.80564,7.862a8,8,0,0,0,7.20075,4.51442h13.43256"
              fill="none"
              stroke="darkorchid"
              stroke-linecap="round"
              stroke-linejoin="round"
              stroke-width="16"
            />
            <path
              d="M152.45823,35.14852l9.33366,16.7184a8,8,0,0,1-1.6191,9.83314L133.26192,86.0376a8.00033,8.00033,0,0,1-1.49868,1.06968l-12.24176,6.76034a8,8,0,0,1-3.86737.9969H94.30873a8,8,0,0,0-7.37259,4.89437l-8.32721,19.76833"
              fill="none"
              stroke="darkorchid"
              stroke-linecap="round"
              stroke-linejoin="round"
              stroke-width="16"
            />
          </svg>
        </ul>
      </div>
    </div>
  </div>
</DocumentFragment>
`;
